HI-TECH Software PICC Compiler V8.05PL2

Linker command line:

-z -Mexpt3.map -ol.obj \
  -ppowerup=00h,intentry=04h,intcode,intret,init,init23,end_init,clrtext,stringtable,pstrings,strings \
  -ABANK0=020h-07Fh -prbit_0=BANK0,rbss_0=BANK0,rdata_0=BANK0,idata_0=CODE \
  -ABANK1=0A0h-0EFh -prbit_1=BANK1,rbss_1=BANK1,rdata_1=BANK1,idata_1=CODE \
  -ABANK2=0110h-016Fh \
  -prbit_2=BANK2,rbss_2=BANK2,rdata_2=BANK2,idata_2=CODE \
  -ABANK3=0190h-01EFh \
  -prbit_3=BANK3,rbss_3=BANK3,rdata_3=BANK3,idata_3=CODE \
  -ACOMBANK=070h-07Fh -ptemp=COMBANK -ACODE=0-7FFhx4 -ACONST=0-0FFhx32 \
  -pconfig=2007h -pidloc=2000h -AEEDATA=2100h-21FFh -peeprom_data=EEDATA \
  -pfloat_text0=CODE,float_text1=CODE,float_text2=CODE \
  -pfloat_text3=CODE,float_text4=CODE \
  -pnvram=BANK0,nvram_1=BANK1,nvram_2=BANK2,nvram_3=BANK3 \
  -pnvbit_0=BANK0,nvbit_1=BANK1,nvbit_2=BANK2,nvbit_3=BANK3 -Q16F877A \
  -h+expt3.sym -E -EC:\Users\VULCAN\AppData\Local\Temp\_MHG.AAA \
  -ver=PICC#V8.05PL2 d:\mplab\PICC\LIB\picrt42c.obj \
  E:\#Programming\Electronics\MPLAB\PIC_Lab_20190928\program_pic\expt3\ex3.obj \
  d:\mplab\PICC\LIB\pic62--u.lib d:\mplab\PICC\LIB\pic42c-c.lib \
  d:\mplab\PICC\LIB\pic62--u.lib 

Object code version is 3.7

Machine type is 16F877A

Call graph:

*_main size 0,1 offset 0
*    _Delay size 2,2 offset 1
*_PIC_Int size 0,3 offset 5
     _shownumber size 2,0 offset 8
*    _Delay1 size 2,2 offset 8

		Name          Link     Load   Length Selector Space Scale
d:\mplab\PICC\LIB\picrt42c.obj
		end_init        5C       5C        4       8     0
E:\#Programming\Electronics\MPLAB\PIC_Lab_20190928\program_pic\expt3\ex3.obj
		intcode         11       11       3E       8     0
		intentry         4        4        9       8     0
		intret          53       53        9       8     0
		intsave_0       72       72        1      70     1
		temp            70       70        2      70     1
		intsave         2C       2C        3      20     1
		text2          7B8      7B8       48     F70     0
		text3          79E      79E       1A     F3C     0
		text4          78A      78A       14     F14     0
		const1          60       60        B      C0     0

d:\mplab\PICC\LIB\pic62--u.lib

d:\mplab\PICC\LIB\pic42c-c.lib
btemp0.obj      temp            70       70        1      70     1
btemp1.obj      temp            70       70        2      70     1
codeptr.obj     
powerup.obj     powerup          0        0        4       0     0
sbtemp0.obj     intcode         4F       4F        2       8     0
		intentry         D        D        2       8     0
		intsave         30       30        1      20     1
sbtemp10.obj    
sbtemp11.obj    
sbtemp12.obj    
sbtemp13.obj    
sbtemp14.obj    
sbtemp1.obj     intcode         51       51        2       8     0
		intentry         F        F        2       8     0
		intsave         2F       2F        1      20     1
sbtemp2.obj     
sbtemp3.obj     
sbtemp4.obj     
sbtemp5.obj     
sbtemp6.obj     
sbtemp7.obj     
sbtemp8.obj     
sbtemp9.obj     
scodeptr.obj    

d:\mplab\PICC\LIB\pic62--u.lib

COMMON          rbss_0          20       20        C      20     1

TOTAL		Name          Link     Load   Length
	CLASS	BANK0    
		rbss_0          20       20        C
		temp            70       70        2
		intsave         2C       2C        3
		intsave         30       30        1
		intsave         2F       2F        1

	CLASS	BANK1    

	CLASS	BANK2    

	CLASS	BANK3    

	CLASS	COMBANK  
		intsave_0       72       72        1

	CLASS	CODE     
		intcode         11       11       42
		intentry         4        4        D
		intret          53       53        9
		powerup          0        0        4
		end_init        5C       5C        4
		text2          7B8      7B8       48
		text3          79E      79E       1A
		text4          78A      78A       14

	CLASS	CONST    
		const1          60       60        B

	CLASS	EEDATA   

	CLASS	ENTRY    

	CLASS	STRING   

	CLASS	IDLOC    

	CLASS	CONFIG   



SEGMENTS	Name		Load	Length	 Top	Selector    Space Class

		powerup         000000	000004	000004	       0       0  CODE    
		intentry        000004	00005C	000060	       8       0  CODE    
		rbit_0          000020	000011	000031	      20       1  BANK0   
		temp            000070	000003	000073	      70       1  COMBANK 
		const1          000060	00000B	00006B	      C0       0  CONST   
		text4           00078A	000014	00079E	     F14       0  CODE    
		text3           00079E	00001A	0007B8	     F3C       0  CODE    
		text2           0007B8	000048	000800	     F70       0  CODE    


UNUSED ADDRESS RANGES

	BANK0            0031-006F
	                 0073-007F
	BANK1            00A0-00EF
	BANK2            0110-016F
	BANK3            0190-01EF
	CODE             006B-0789
	                 0800-1FFF
	COMBANK          0073-007F
	CONST            006B-0789
	                 0800-1FFF
	EEDATA           2100-21FF

                                  Symbol Table

?_Delay        rbss_0      0021  ?_Delay1       rbss_0      0028
?_shownumber   rbss_0      0028  ?a_Delay       rbss_0      0023
?a_Delay1      rbss_0      002A  ?a_PIC_Int     rbss_0      0025
?a_main        rbss_0      0020  _Delay         text2       07B8
_Delay1        text3       079E  _LED           const1      0061
_PIC_Int       intcode     0011  __Bnvbit_0     nvbit_0     002C
__Bnvbit_1     nvbit_1     00A0  __Bnvbit_2     nvbit_2     0110
__Bnvbit_3     nvbit_3     0190  __Brbit_0      rbit_0      0020
__Brbit_1      rbit_1      00A0  __Brbit_2      rbit_2      0110
__Brbit_3      rbit_3      0190  __H__Z88888RS_ __Z88888RS_ 0190
__Hclrtext     clrtext     0060  __Hcode        code        0190
__Hcode_ptr    code_ptr    0031  __Hcommon_ram  common_ram  0190
__Hconfig      config      2007  __Heeprom_data eeprom_data 2100
__Hend_init    end_init    0060  __Hfloat_text0 float_text0 0060
__Hfloat_text1 float_text1 0060  __Hfloat_text2 float_text2 0060
__Hfloat_text3 float_text3 0060  __Hfloat_text4 float_text4 0060
__Hidata_0     idata_0     0060  __Hidata_1     idata_1     0060
__Hidata_2     idata_2     0060  __Hidata_3     idata_3     0060
__Hidloc       idloc       2000  __Hinit        init        005C
__Hinit23      init23      005C  __Hintcode     intcode     0053
__Hintentry    intentry    0011  __Hintret      intret      005C
__Hintsave     intsave     0190  __Hintsave_0   intsave_0   0073
__Hintsave_1   intsave_1   0190  __Hintsave_2   intsave_2   0190
__Hintsave_3   intsave_3   0190  __Hnvbit_0     nvbit_0     0160
__Hnvbit_1     nvbit_1     0500  __Hnvbit_2     nvbit_2     0880
__Hnvbit_3     nvbit_3     0C80  __Hnvram       nvram       002C
__Hnvram_1     nvram_1     00A0  __Hnvram_2     nvram_2     0110
__Hnvram_3     nvram_3     0190  __Hpowerup     powerup     0004
__Hpstrings    pstrings    0060  __Hrbit_0      rbit_0      0100
__Hrbit_1      rbit_1      0500  __Hrbit_2      rbit_2      0880
__Hrbit_3      rbit_3      0C80  __Hrbss_0      rbss_0      002C
__Hrbss_1      rbss_1      00A0  __Hrbss_2      rbss_2      0110
__Hrbss_3      rbss_3      0190  __Hrdata_0     rdata_0     002C
__Hrdata_1     rdata_1     00A0  __Hrdata_2     rdata_2     0110
__Hrdata_3     rdata_3     0190  __Hstrings     strings     0060
__Hstringtable stringtable 0060  __Hstruct      struct      0031
__Htemp        temp        0072  __Htext        text        0190
__Hvectors     vectors     006B  __Hxtemp       xtemp       0031
__L__Z88888RS_ __Z88888RS_ 0190  __Lclrtext     clrtext     0060
__Lcode        code        0190  __Lcode_ptr    code_ptr    0031
__Lcommon_ram  common_ram  0190  __Lconfig      config      2007
__Leeprom_data eeprom_data 2100  __Lend_init    end_init    005C
__Lfloat_text0 float_text0 0060  __Lfloat_text1 float_text1 0060
__Lfloat_text2 float_text2 0060  __Lfloat_text3 float_text3 0060
__Lfloat_text4 float_text4 0060  __Lidata_0     idata_0     0060
__Lidata_1     idata_1     0060  __Lidata_2     idata_2     0060
__Lidata_3     idata_3     0060  __Lidloc       idloc       2000
__Linit        init        005C  __Linit23      init23      005C
__Lintcode     intcode     0011  __Lintentry    intentry    0004
__Lintret      intret      0053  __Lintsave     intsave     0190
__Lintsave_0   intsave_0   0072  __Lintsave_1   intsave_1   0190
__Lintsave_2   intsave_2   0190  __Lintsave_3   intsave_3   0190
__Lnvbit_0     nvbit_0     0160  __Lnvbit_1     nvbit_1     0500
__Lnvbit_2     nvbit_2     0880  __Lnvbit_3     nvbit_3     0C80
__Lnvram       nvram       002C  __Lnvram_1     nvram_1     00A0
__Lnvram_2     nvram_2     0110  __Lnvram_3     nvram_3     0190
__Lpowerup     powerup     0000  __Lpstrings    pstrings    0060
__Lrbit_0      rbit_0      0100  __Lrbit_1      rbit_1      0500
__Lrbit_2      rbit_2      0880  __Lrbit_3      rbit_3      0C80
__Lrbss_0      rbss_0      0020  __Lrbss_1      rbss_1      00A0
__Lrbss_2      rbss_2      0110  __Lrbss_3      rbss_3      0190
__Lrdata_0     rdata_0     002C  __Lrdata_1     rdata_1     00A0
__Lrdata_2     rdata_2     0110  __Lrdata_3     rdata_3     0190
__Lstrings     strings     0060  __Lstringtable stringtable 0060
__Lstruct      struct      0031  __Ltemp        temp        0070
__Ltext        text        0190  __Lvectors     vectors     006B
__Lxtemp       xtemp       0031  __S0           (abs)       2100
__S1           (abs)       0190  _exit          init        005C
_main          text2       07D2  _shownumber    text4       078A
code_ptr       code_ptr    0031  int_entry      intentry    0004
int_func       intcode     0011  int_restore    intret      0057
intlevel0      intentry    0004  intlevel1      intentry    0004
powerup        powerup     0000  save_btemp0    intentry    000D
save_btemp1    intentry    000F  save_btemp10   intentry    000F
save_btemp11   intentry    000F  save_btemp12   intentry    000F
save_btemp13   intentry    000F  save_btemp14   intentry    000F
save_btemp2    intentry    0011  save_btemp3    intentry    0011
save_btemp4    intentry    0011  save_btemp5    intentry    0011
save_btemp6    intentry    0011  save_btemp7    intentry    0011
save_btemp8    intentry    0011  save_btemp9    intentry    0011
save_code_ptr  intentry    0011  start          init        005C
used_btemp0    (abs)       0001  used_btemp1    (abs)       0001
