HI-TECH Software C Compiler 

Linker command line:

--edf=C:\Program Files (x86)\HI-TECH Software\PICC\9.82\dat\en_msgs.txt -cs \
  -h+expt3.sym -z -Q16F877A -ol.obj -Mexpt3.map -E1 -ACONST=00h-0FFhx32 \
  -ACODE=00h-07FFhx4 -ASTRCODE=00h-01FFFh -AENTRY=00h-0FFhx32 \
  -ASTRING=00h-0FFhx32 -ABANK0=020h-06Fh -ABANK1=0A0h-0EFh \
  -ABANK2=0110h-016Fh -ABANK3=0190h-01EFh \
  -ARAM=020h-06Fh,0A0h-0EFh,0110h-016Fh,0190h-01EFh \
  -AABS1=020h-07Fh,0A0h-0EFh,0110h-016Fh,0190h-01EFh -ACOMMON=070h-07Fh \
  -ASFR0=00h-01Fh -ASFR1=080h-09Fh -ASFR2=0100h-010Fh -ASFR3=0180h-018Fh \
  -preset_vec=00h,intentry=04h,init,end_init -ppowerup=CODE -pfunctab=CODE \
  -ACONFIG=02007h-02007h -pconfig=CONFIG -DCONFIG=2 -AIDLOC=02000h-02003h \
  -pidloc=IDLOC -DIDLOC=2 -AEEDATA=00h-0FFh/02100h -peeprom_data=EEDATA \
  -DEEDATA=2 -DCODE=2 -DSTRCODE=2 -DSTRING=2 -DCONST=2 -DENTRY=2 -k \
  startup.obj expt3.obj 

Object code version is 3.10

Machine type is 16F877A



                Name                               Link     Load   Length Selector   Space Scale
startup.obj     end_init                             12       12        3        8       0
                reset_vec                             0        0        3        0       0
expt3.obj       intentry                              4        4        E        8       0
                text136                             11D      11D       33        8       0
                text135                              15       15       83        8       0
                text134                              E8       E8       35        8       0
                maintext                             98       98       50        8       0
                cstackBANK0                          20       20        7       20       1
                cstackCOMMON                         70       70        A       70       1
                cinit                               160      160        4      2C0       0
                strings                             150      150       10      2A0       0

TOTAL           Name                               Link     Load   Length     Space
        CLASS   CONST          

        CLASS   CODE           
                end_init                             12       12        3         0
                intentry                              4        4        E         0
                reset_vec                             0        0        3         0
                text136                             11D      11D       33         0
                text135                              15       15       83         0
                text134                              E8       E8       35         0
                maintext                             98       98       50         0
                cinit                               160      160        4         0

        CLASS   STRCODE        

        CLASS   ENTRY          

        CLASS   STRING         
                strings                             150      150       10         0

        CLASS   BANK0          
                cstackBANK0                          20       20        7         1

        CLASS   BANK1          

        CLASS   BANK2          

        CLASS   BANK3          

        CLASS   RAM            

        CLASS   ABS1           
                abs_s1                               7E       7E        2         1

        CLASS   COMMON         
                cstackCOMMON                         70       70        A         1

        CLASS   SFR0           

        CLASS   SFR1           

        CLASS   SFR2           

        CLASS   SFR3           

        CLASS   CONFIG         

        CLASS   IDLOC          

        CLASS   EEDATA         



SEGMENTS        Name                           Load    Length   Top    Selector   Space  Class     Delta

                reset_vec                      000000  000003  000003         0       0  CODE        2
                intentry                       000004  00014C  000150         8       0  CODE        2
                cstackBANK0                    000020  000007  000027        20       1  BANK0       1
                cstackCOMMON                   000070  00000A  00007A        70       1  COMMON      1
                strings                        000150  000010  000160       2A0       0  STRING      2
                cinit                          000160  000004  000164       2C0       0  CODE        2


UNUSED ADDRESS RANGES

        Name                Unused          Largest block    Delta
        BANK0            027-06F            49           1
        BANK1            0A0-0EF            50           1
        BANK2            110-16F            60           1
        BANK3            190-1EF            60           1
        CODE             003-003             1           2
                         164-1FFF           800
        COMMON           07A-07D             4           1
        CONFIG           2007-2007             1           2
        CONST            003-003             1           2
                         164-1FFF           100
        EEDATA           2100-21FF           100           2
        ENTRY            003-003             1           2
                         164-1FFF           100
        IDLOC            2000-2003             4           2
        RAM              027-06F            49           1
                         0A0-0EF            50
                         110-16F            60
                         190-1EF            60
        SFR0             000-01F            20           1
        SFR1             080-09F            20           1
        SFR2             100-10F            10           1
        SFR3             180-18F            10           1
        STRCODE          003-003             1           2
                         164-1FFF          1E9C
        STRING           003-003             1           2
                         164-1FFF           100

                                  Symbol Table

??_Delay              cstackBANK0  022  ??_Delay1             cstackCOMMON 072
??_PIC_Int            cstackCOMMON 074  ??_main               cstackBANK0  024
?_Delay               cstackBANK0  020  ?_Delay1              cstackCOMMON 070
?_PIC_Int             cstackCOMMON 070  ?_main                cstackCOMMON 070
Delay1@delay          cstackCOMMON 070  Delay1@i              cstackCOMMON 072
Delay@delay           cstackBANK0  020  Delay@i               cstackBANK0  022
PIC_Int@i             cstackCOMMON 078  _ADCON1               (abs)        09F
_CARRY                (abs)        018  _Delay                text134      0E8
_Delay1               text136      11D  _EEADR                (abs)        10D
_EECON1               (abs)        18C  _EECON2               (abs)        18D
_EEDATA               (abs)        10C  _GIE                  (abs)        05F
_INTE                 (abs)        05C  _INTEDG               (abs)        40E
_INTF                 (abs)        059  _LED                  strings      156
_PIC_Int              text135      015  _PORTD                (abs)        008
_RA1                  (abs)        029  _RA5                  (abs)        02D
_RB5                  (abs)        035  _RBIE                 (abs)        05B
_RBIF                 (abs)        058  _RD                   (abs)        C60
_TRISA                (abs)        085  _TRISB                (abs)        086
_TRISD                (abs)        088  _WR                   (abs)        C61
_WREN                 (abs)        C62  __Habs1               abs1         000
__Hbank0              bank0        000  __Hbank1              bank1        000
__Hbank2              bank2        000  __Hbank3              bank3        000
__Hcinit              cinit        000  __Hclrtext            clrtext      000
__Hcode               code         000  __Hcommon             common       000
__Hconfig             config       000  __HcstackBANK0        cstackBANK0  000
__HcstackCOMMON       cstackCOMMON 000  __Heeprom_data        eeprom_data  000
__Hend_init           end_init     015  __Hfunctab            functab      000
__Hidloc              idloc        000  __Hinit               init         012
__Hintentry           intentry     012  __Hmaintext           maintext     000
__Hpowerup            powerup      000  __Hram                ram          000
__Hreset_vec          reset_vec    003  __Hsfr0               sfr0         000
__Hsfr1               sfr1         000  __Hsfr2               sfr2         000
__Hsfr3               sfr3         000  __Hstrings            strings      000
__Htext               text         000  __Labs1               abs1         000
__Lbank0              bank0        000  __Lbank1              bank1        000
__Lbank2              bank2        000  __Lbank3              bank3        000
__Lcinit              cinit        000  __Lclrtext            clrtext      000
__Lcode               code         000  __Lcommon             common       000
__Lconfig             config       000  __LcstackBANK0        cstackBANK0  000
__LcstackCOMMON       cstackCOMMON 000  __Leeprom_data        eeprom_data  000
__Lend_init           end_init     012  __Lfunctab            functab      000
__Lidloc              idloc        000  __Linit               init         012
__Lintentry           intentry     004  __Lmaintext           maintext     000
__Lpowerup            powerup      000  __Lram                ram          000
__Lreset_vec          reset_vec    000  __Lsfr0               sfr0         000
__Lsfr1               sfr1         000  __Lsfr2               sfr2         000
__Lsfr3               sfr3         000  __Lstrings            strings      000
__Ltext               text         000  __S0                  (abs)        164
__S1                  (abs)        07A  __S2                  (abs)        000
__end_of_Delay        text134      11D  __end_of_Delay1       text136      150
__end_of_PIC_Int      text135      098  __end_of_main         maintext     0E8
__pcstackBANK0        cstackBANK0  020  __pcstackCOMMON       cstackCOMMON 070
__pintentry           intentry     004  __pmaintext           maintext     098
__pstrings            strings      150  __ptext134            text134      0E8
__ptext135            text135      015  __ptext136            text136      11D
__ptext137            text137      000  __size_of_Delay       (abs)        000
__size_of_Delay1      (abs)        000  __size_of_PIC_Int     (abs)        000
__size_of_main        (abs)        000  _exit                 init         012
_main                 maintext     098  btemp                 (abs)        07E
end_of_initialization cinit        160  interrupt_function    intentry     004
intlevel0             functab      000  intlevel1             functab      000
intlevel2             functab      000  intlevel3             functab      000
intlevel4             functab      000  intlevel5             functab      000
main@i                cstackBANK0  025  reset_vec             reset_vec    000
saved_w               (abs)        07E  start                 init         012
start_initialization  cinit        160  wtemp0                (abs)        07E
