HI-TECH Software C Compiler 

Linker command line:

--edf=C:\Program Files\HI-TECH Software\PICC\9.80\dat\en_msgs.txt -cs \
  -h+project.sym -z -Q16F877A -ol.obj -Mproject.map -E1 -ACONST=00h-0FFhx32 \
  -ACODE=00h-07FFhx4 -ASTRCODE=00h-01FFFh -AENTRY=00h-0FFhx32 \
  -ASTRING=00h-0FFhx32 -ABANK0=020h-06Fh -ABANK1=0A0h-0EFh \
  -ABANK2=0110h-016Fh -ABANK3=0190h-01EFh \
  -ARAM=020h-06Fh,0A0h-0EFh,0110h-016Fh,0190h-01EFh \
  -AABS1=020h-07Fh,0A0h-0EFh,0110h-016Fh,0190h-01EFh -ACOMMON=070h-07Fh \
  -ASFR0=00h-01Fh -ASFR1=080h-09Fh -ASFR2=0100h-010Fh -ASFR3=0180h-018Fh \
  -preset_vec=00h,intentry,init,end_init -ppowerup=CODE -pfunctab=CODE \
  -ACONFIG=02007h-02007h -pconfig=CONFIG -DCONFIG=2 -AIDLOC=02000h-02003h \
  -pidloc=IDLOC -DIDLOC=2 -AEEDATA=00h-0FFh/02100h -peeprom_data=EEDATA \
  -DEEDATA=2 -DCODE=2 -DSTRCODE=2 -DSTRING=2 -DCONST=2 -DENTRY=2 -k \
  startup.obj project.obj 

Object code version is 3.10

Machine type is 16F877A



                Name                               Link     Load   Length Selector   Space Scale
startup.obj     end_init                              0        0        3        0       0
project.obj     text100                             6BD      6BD       14      D7A       0
                text99                              6D1      6D1       24      DA2       0
                text98                              719      719       2A      E32       0
                text97                              6F5      6F5       24      DEA       0
                maintext                            743      743       BD      E86       0
                cstackCOMMON                         70       70        C       70       1
                bssBANK0                             20       20        4       20       1
                bssCOMMON                            7C       7C        2       70       1
                cinit                               6B3      6B3        A      D66       0

TOTAL           Name                               Link     Load   Length     Space
        CLASS   CONST          

        CLASS   CODE           
                end_init                              0        0        3         0
                text100                             6BD      6BD       14         0
                text99                              6D1      6D1       24         0
                text98                              719      719       2A         0
                text97                              6F5      6F5       24         0
                maintext                            743      743       BD         0
                cinit                               6B3      6B3        A         0

        CLASS   STRCODE        

        CLASS   ENTRY          

        CLASS   STRING         

        CLASS   BANK0          
                bssBANK0                             20       20        4         1

        CLASS   BANK1          

        CLASS   BANK2          

        CLASS   BANK3          

        CLASS   RAM            

        CLASS   ABS1           
                abs_s1                               7E       7E        2         1

        CLASS   COMMON         
                cstackCOMMON                         70       70        C         1
                bssCOMMON                            7C       7C        2         1

        CLASS   SFR0           

        CLASS   SFR1           

        CLASS   SFR2           

        CLASS   SFR3           

        CLASS   CONFIG         

        CLASS   IDLOC          

        CLASS   EEDATA         



SEGMENTS        Name                           Load    Length   Top    Selector   Space  Class     Delta

                reset_vec                      000000  000003  000003         0       0  CODE        2
                bssBANK0                       000020  000004  000024        20       1  BANK0       1
                cstackCOMMON                   000070  00000E  00007E        70       1  COMMON      1
                cinit                          0006B3  00000A  0006BD       D66       0  CODE        2
                text100                        0006BD  000014  0006D1       D7A       0  CODE        2
                text99                         0006D1  000024  0006F5       DA2       0  CODE        2
                text97                         0006F5  000024  000719       DEA       0  CODE        2
                text98                         000719  00002A  000743       E32       0  CODE        2
                maintext                       000743  0000BD  000800       E86       0  CODE        2


UNUSED ADDRESS RANGES

        Name                Unused          Largest block    Delta
        BANK0            0024-006F             4C           1
        BANK1            00A0-00EF             50           1
        BANK2            0110-016F             60           1
        BANK3            0190-01EF             60           1
        CODE             0003-06B2            6B0           2
                         0800-1FFF            800
        CONFIG           2007-2007              1           2
        CONST            0003-06B2            100           2
                         0800-1FFF            100
        EEDATA           2100-21FF            100           2
        ENTRY            0003-06B2            100           2
                         0800-1FFF            100
        IDLOC            2000-2003              4           2
        RAM              0024-006F             4C           1
                         00A0-00EF             50
                         0110-016F             60
                         0190-01EF             60
        SFR0             0000-001F             20           1
        SFR1             0080-009F             20           1
        SFR2             0100-010F             10           1
        SFR3             0180-018F             10           1
        STRCODE          0003-06B2            6B0           2
                         0800-1FFF           1800
        STRING           0003-06B2            100           2
                         0800-1FFF            100

                                  Symbol Table

??___lwdiv            cstackCOMMON 0074
??___lwmod            cstackCOMMON 007B
??_delay              cstackCOMMON 0072
??_init               cstackCOMMON 0070
??_main               cstackCOMMON 007C
?___lwdiv             cstackCOMMON 0070
?___lwmod             cstackCOMMON 0077
?_delay               cstackCOMMON 0070
?_init                cstackCOMMON 0070
?_main                cstackCOMMON 0070
_ADCON0               (abs)        001F
_ADCON1               (abs)        009F
_ADGO                 (abs)        00FA
_ADIF                 (abs)        0066
_ADRESH               (abs)        001E
_ADRESL               (abs)        009E
_INTCON               (abs)        000B
_RCSTA                (abs)        0018
_RH                   bssBANK0     0020
_RL                   bssBANK0     0022
_SPBRG                (abs)        0099
_TRISA0               (abs)        0428
_TRISC6               (abs)        043E
_TRISC7               (abs)        043F
_TRMT                 (abs)        04C1
_TXREG                (abs)        0019
_TXSTA                (abs)        0098
__Habs1               abs1         0000
__Hbank0              bank0        0000
__Hbank1              bank1        0000
__Hbank2              bank2        0000
__Hbank3              bank3        0000
__HbssBANK0           bssBANK0     0000
__HbssCOMMON          bssCOMMON    0000
__Hcinit              cinit        0000
__Hclrtext            clrtext      0000
__Hcode               code         0000
__Hcommon             common       0000
__Hconfig             config       0000
__HcstackCOMMON       cstackCOMMON 0000
__Heeprom_data        eeprom_data  0000
__Hend_init           end_init     0003
__Hfunctab            functab      0000
__Hidloc              idloc        0000
__Hinit               init         0000
__Hintentry           intentry     0000
__Hmaintext           maintext     0000
__Hpa_nodes           pa_nodes     0000
__Hpowerup            powerup      0000
__Hram                ram          0000
__Hreset_vec          reset_vec    0000
__Hsfr0               sfr0         0000
__Hsfr1               sfr1         0000
__Hsfr2               sfr2         0000
__Hsfr3               sfr3         0000
__Hstrings            strings      0000
__Htext               text         0000
__Labs1               abs1         0000
__Lbank0              bank0        0000
__Lbank1              bank1        0000
__Lbank2              bank2        0000
__Lbank3              bank3        0000
__LbssBANK0           bssBANK0     0000
__LbssCOMMON          bssCOMMON    0000
__Lcinit              cinit        0000
__Lclrtext            clrtext      0000
__Lcode               code         0000
__Lcommon             common       0000
__Lconfig             config       0000
__LcstackCOMMON       cstackCOMMON 0000
__Leeprom_data        eeprom_data  0000
__Lend_init           end_init     0000
__Lfunctab            functab      0000
__Lidloc              idloc        0000
__Linit               init         0000
__Lintentry           intentry     0000
__Lmaintext           maintext     0000
__Lpa_nodes           pa_nodes     0000
__Lpowerup            powerup      0000
__Lram                ram          0000
__Lreset_vec          reset_vec    0000
__Lsfr0               sfr0         0000
__Lsfr1               sfr1         0000
__Lsfr2               sfr2         0000
__Lsfr3               sfr3         0000
__Lstrings            strings      0000
__Ltext               text         0000
__S0                  (abs)        0800
__S1                  (abs)        007E
__S2                  (abs)        0000
___lwdiv              text98       0719
___lwdiv@counter      cstackCOMMON 0076
___lwdiv@dividend     cstackCOMMON 0072
___lwdiv@divisor      cstackCOMMON 0070
___lwdiv@quotient     cstackCOMMON 0074
___lwmod              text97       06F5
___lwmod@counter      cstackCOMMON 007B
___lwmod@dividend     cstackCOMMON 0079
___lwmod@divisor      cstackCOMMON 0077
__end_of___lwdiv      text98       0743
__end_of___lwmod      text97       0719
__end_of_delay        text99       06F5
__end_of_init         text100      06D1
__end_of_main         maintext     0800
__pbssBANK0           bssBANK0     0020
__pbssCOMMON          bssCOMMON    007C
__pcstackCOMMON       cstackCOMMON 0070
__pmaintext           maintext     0743
__ptext100            text100      06BD
__ptext101            text101      0000
__ptext96             text96       0000
__ptext97             text97       06F5
__ptext98             text98       0719
__ptext99             text99       06D1
__size_of___lwdiv     (abs)        0000
__size_of___lwmod     (abs)        0000
__size_of_delay       (abs)        0000
__size_of_init        (abs)        0000
__size_of_main        (abs)        0000
_delay                text99       06D1
_exit                 init         0000
_init                 text100      06BD
_main                 maintext     0743
_temp                 bssCOMMON    007C
btemp                 (abs)        007E
delay@i               cstackCOMMON 0072
delay@j               cstackCOMMON 0074
delay@t               cstackCOMMON 0070
end_of_initialization cinit        06B9
intlevel0             functab      0000
intlevel1             functab      0000
intlevel2             functab      0000
intlevel3             functab      0000
intlevel4             functab      0000
intlevel5             functab      0000
l1159                                  
l1161                                  
l1163                                  
l1165                                  
l1167                                  
l1169                                  
l1171                                  
l1173                                  
l1187                                  
l1193                                  
l1195                                  
l1205                                  
l1209                                  
l1213                                  
l1219                                  
l1233                                  
l1239                                  
l1245                                  
l1249                                  
l1253                                  
l1257                                  
l1261                                  
l593                                   
l622                                   
l632                                   
reset_vec             reset_vec    0000
start                 init         0000
start_initialization  cinit        06B3
wtemp0                (abs)        007E
